// Jest Snapshot v1, https://goo.gl/fbAQLP

exports[`prefix should prefix all schema types when prefix is specified explicitly 1`] = `
"type Query {
  user: T_User!
}

type T_User {
  id: T_ID!
}
"
`;
