// Jest Snapshot v1, https://goo.gl/fbAQLP

exports[`extend should extend root schema types correctly 1`] = `
"type Query {
  user: User!
  newField: String!
}

type User {
  id: ID!
}
"
`;

exports[`extend should extend schema types correctly 1`] = `
"type Query {
  user: User!
}

type User {
  id: ID!
  newField: String!
}
"
`;
